ORIGINAL GRAPH:
"S":500 -> ["A":500 (10), "E":500 (8)]
"A":500 -> ["C":500 (2)]
"C":500 -> ["B":500 (2)]
"B":500 -> ["A":500 (1)]
"E":500 -> ["D":500 (1)]
"D":500 -> ["C":500 (1), "A":500 (4)]
SHORTEST PATH:
"S":0 -> ["A":10 (10), "E":8 (8)]
"A":10 -> []
"C":10 -> ["B":12 (2)]
"B":12 -> []
"E":8 -> ["D":9 (1)]
"D":9 -> ["C":10 (1)]
