1:null -> []
2:null -> []
4:null -> []
3:null -> []