1:null -> [2:null (a)]
2:null -> [1:null (a)]
3:null -> []
4:null -> []
5:null -> []