true:true -> [false:false (null)]
false:false -> []
